main:
[Instruction(Constant { op: Const, dest: "v1", const_type: Int, value: Int(1) })]
[Label { label: "l2" }, Instruction(Constant { op: Const, dest: "v2", const_type: Int, value: Int(10) })]
[Label { label: "l3" }]
[Label { label: "l4" }, Instruction(Value { op: Add, dest: "v3", op_type: Int, args: ["v1", "v2"], funcs: [], labels: [] }), Instruction(Effect { op: Print, args: ["v3"], funcs: [], labels: [] })]
[Label { label: "l5" }]
