digraph main {
  node [shape=box];
  bb0;
  bb0 -> {  }
}
