digraph main {
  node [shape=box];
  bb0;
  l2;
  l3;
  l4;
  l5;
  bb0 -> { l2 }
  l2 -> { l3 }
  l3 -> { l4 }
  l4 -> { l5 }
  l5 -> {  }
}
